#
# There is insufficient memory for the Java Runtime Environment to continue.
# Native memory allocation (mmap) failed to map 264241152 bytes for G1 virtual space
# Possible reasons:
#   The system is out of physical RAM or swap space
#   The process is running with CompressedOops enabled, and the Java Heap may be blocking the growth of the native heap
# Possible solutions:
#   Reduce memory load on the system
#   Increase physical memory or swap space
#   Check if swap backing store is full
#   Decrease Java heap size (-Xmx/-Xms)
#   Decrease number of Java threads
#   Decrease Java thread stack sizes (-Xss)
#   Set larger code cache with -XX:ReservedCodeCacheSize=
#   JVM is running with Zero Based Compressed Oops mode in which the Java heap is
#     placed in the first 32GB address space. The Java Heap base address is the
#     maximum limit for the native heap growth. Please use -XX:HeapBaseMinAddress
#     to set the Java Heap base and to place the Java Heap above 32GB virtual address.
# This output file may be truncated or incomplete.
#
#  Out of Memory Error (os_windows.cpp:3603), pid=2808, tid=24632
#
# JRE version:  (21.0.9+7) (build )
# Java VM: Java HotSpot(TM) 64-Bit Server VM (21.0.9+7-LTS-338, mixed mode, sharing, tiered, compressed oops, compressed class ptrs, g1 gc, windows-amd64)
# No core dump will be written. Minidumps are not enabled by default on client versions of Windows
#

---------------  S U M M A R Y ------------

Command Line: -Dclassworlds.conf=C:\Users\anton\Downloads\apache-maven-3.9.11-bin\apache-maven-3.9.11\bin\m2.conf -Dmaven.home=C:\Users\anton\Downloads\apache-maven-3.9.11-bin\apache-maven-3.9.11 -Dlibrary.jansi.path=C:\Users\anton\Downloads\apache-maven-3.9.11-bin\apache-maven-3.9.11\lib\jansi-native -Dmaven.multiModuleProjectDirectory=C:\Users\anton\OneDrive\Documenti\GitHub\A13\T5-G2\t5 org.codehaus.plexus.classworlds.launcher.Launcher clean package -DskipTests=true -Dspring.profiles.active=prod

Host: 12th Gen Intel(R) Core(TM) i7-1255U, 12 cores, 15G,  Windows 11 , 64 bit Build 26100 (10.0.26100.7623)
Time: Thu Feb  5 20:15:56 2026 ora solare Europa occidentale elapsed time: 0.067740 seconds (0d 0h 0m 0s)

---------------  T H R E A D  ---------------

Current thread (0x0000023c2fd5f6b0):  JavaThread "Unknown thread" [_thread_in_vm, id=24632, stack(0x000000952b700000,0x000000952b800000) (1024K)]

Stack: [0x000000952b700000,0x000000952b800000]
Native frames: (J=compiled Java code, j=interpreted, Vv=VM code, C=native code)
V  [jvm.dll+0x6cbf89]
V  [jvm.dll+0x858421]
V  [jvm.dll+0x85a94e]
V  [jvm.dll+0x85b023]
V  [jvm.dll+0x27ebc6]
V  [jvm.dll+0x6c8705]
V  [jvm.dll+0x6bd26a]
V  [jvm.dll+0x354a0a]
V  [jvm.dll+0x35c686]
V  [jvm.dll+0x3af79e]
V  [jvm.dll+0x3afa48]
V  [jvm.dll+0x328d1c]
V  [jvm.dll+0x32987b]
V  [jvm.dll+0x821739]
V  [jvm.dll+0x3bc481]
V  [jvm.dll+0x80a9b8]
V  [jvm.dll+0x45166e]
V  [jvm.dll+0x453261]
C  [jli.dll+0x52a3]
C  [ucrtbase.dll+0x37b0]
C  [KERNEL32.DLL+0x2e8d7]
C  [ntdll.dll+0x8c53c]


---------------  P R O C E S S  ---------------

Threads class SMR info:
_java_thread_list=0x00007ffc2f18fc08, length=0, elements={
}

Java Threads: ( => current thread )
Total: 0

Other Threads:
  0x0000023c2fdbea10 WorkerThread "GC Thread#0"                     [id=6676, stack(0x000000952b800000,0x000000952b900000) (1024K)]
  0x0000023c2fdcfbf0 ConcurrentGCThread "G1 Main Marker"            [id=30288, stack(0x000000952b900000,0x000000952ba00000) (1024K)]
  0x0000023c2fdd0620 WorkerThread "G1 Conc#0"                       [id=13192, stack(0x000000952ba00000,0x000000952bb00000) (1024K)]

[error occurred during error reporting (printing all threads), id 0xc0000005, EXCEPTION_ACCESS_VIOLATION (0xc0000005) at pc=0x00007ffc2e8fb4a7]
VM state: not at safepoint (not fully initialized)

VM Mutex/Monitor currently owned by a thread:  ([mutex/lock_event])
[0x00007ffc2f200ef0] Heap_lock - owner thread: 0x0000023c2fd5f6b0

Heap address: 0x0000000705200000, size: 4014 MB, Compressed Oops mode: Zero based, Oop shift amount: 3

CDS archive(s) mapped at: [0x0000000000000000-0x0000000000000000-0x0000000000000000), size 0, SharedBaseAddress: 0x0000000800000000, ArchiveRelocationMode: 1.
Narrow klass base: 0x0000000000000000, Narrow klass shift: 0, Narrow klass range: 0x0

GC Precious Log:
 CardTable entry size: 512
 Card Set container configuration: InlinePtr #cards 4 size 8 Array Of Cards #cards 16 size 48 Howl #buckets 8 coarsen threshold 3686 Howl Bitmap #cards 512 size 80 coarsen threshold 460 Card regions per heap region 1 cards per card region 4096

Heap:
 garbage-first heap   total 0K, used 0K [0x0000000705200000, 0x0000000800000000)
  region size 2048K, 0 young (0K), 0 survivors (0K)

[error occurred during error reporting (printing heap information), id 0xc0000005, EXCEPTION_ACCESS_VIOLATION (0xc0000005) at pc=0x00007ffc2ece4ff9]
GC Heap History (0 events):
No events

Dll operation events (1 events):
Event: 0.044 Loaded shared library C:\Program Files\Java\jdk-21\bin\java.dll

Deoptimization events (0 events):
No events

Classes loaded (0 events):
No events

Classes unloaded (0 events):
No events

Classes redefined (0 events):
No events

Internal exceptions (0 events):
No events

ZGC Phase Switch (0 events):
No events

VM Operations (0 events):
No events

Events (0 events):
No events


Dynamic libraries:
0x00007ff78d600000 - 0x00007ff78d610000 	C:\Program Files\Java\jdk-21\bin\java.exe
0x00007ffcdb6c0000 - 0x00007ffcdb927000 	C:\WINDOWS\SYSTEM32\ntdll.dll
0x00007ffcda2c0000 - 0x00007ffcda389000 	C:\WINDOWS\System32\KERNEL32.DLL
0x00007ffcd8c30000 - 0x00007ffcd901f000 	C:\WINDOWS\System32\KERNELBASE.dll
0x00007ffcd9060000 - 0x00007ffcd91ab000 	C:\WINDOWS\System32\ucrtbase.dll
0x00007ffcc5430000 - 0x00007ffcc5449000 	C:\Program Files\Java\jdk-21\bin\jli.dll
0x00007ffcdab40000 - 0x00007ffcdabf4000 	C:\WINDOWS\System32\ADVAPI32.dll
0x00007ffcdb190000 - 0x00007ffcdb239000 	C:\WINDOWS\System32\msvcrt.dll
0x00007ffcdafc0000 - 0x00007ffcdb066000 	C:\WINDOWS\System32\sechost.dll
0x00007ffcd9460000 - 0x00007ffcd9578000 	C:\WINDOWS\System32\RPCRT4.dll
0x00007ffcdac00000 - 0x00007ffcdadc5000 	C:\WINDOWS\System32\USER32.dll
0x00007ffcd9030000 - 0x00007ffcd9057000 	C:\WINDOWS\System32\win32u.dll
0x00007ffcdb620000 - 0x00007ffcdb64b000 	C:\WINDOWS\System32\GDI32.dll
0x00007ffcb3240000 - 0x00007ffcb34d3000 	C:\WINDOWS\WinSxS\amd64_microsoft.windows.common-controls_6595b64144ccf1df_6.0.26100.7309_none_3e05feeae336a044\COMCTL32.dll
0x00007ffcd8b00000 - 0x00007ffcd8c2c000 	C:\WINDOWS\System32\gdi32full.dll
0x00007ffcd91b0000 - 0x00007ffcd9253000 	C:\WINDOWS\System32\msvcp_win.dll
0x00007ffcd4830000 - 0x00007ffcd484b000 	C:\Program Files\Java\jdk-21\bin\VCRUNTIME140.dll
0x00007ffcc53b0000 - 0x00007ffcc53bb000 	C:\WINDOWS\SYSTEM32\VERSION.dll
0x00007ffcdb420000 - 0x00007ffcdb451000 	C:\WINDOWS\System32\IMM32.DLL
0x00007ffcbbd40000 - 0x00007ffcbbd4c000 	C:\Program Files\Java\jdk-21\bin\vcruntime140_1.dll
0x00007ffc89b40000 - 0x00007ffc89bce000 	C:\Program Files\Java\jdk-21\bin\msvcp140.dll
0x00007ffc2e5c0000 - 0x00007ffc2f2dd000 	C:\Program Files\Java\jdk-21\bin\server\jvm.dll
0x00007ffcdaf40000 - 0x00007ffcdafb4000 	C:\WINDOWS\System32\WS2_32.dll
0x00007ffcd8670000 - 0x00007ffcd86ce000 	C:\WINDOWS\SYSTEM32\POWRPROF.dll
0x00007ffcccc10000 - 0x00007ffcccc45000 	C:\WINDOWS\SYSTEM32\WINMM.dll
0x00007ffcd8650000 - 0x00007ffcd8664000 	C:\WINDOWS\SYSTEM32\UMPDC.dll
0x00007ffcd75c0000 - 0x00007ffcd75db000 	C:\WINDOWS\SYSTEM32\kernel.appcore.dll
0x00007ffcb4130000 - 0x00007ffcb413a000 	C:\Program Files\Java\jdk-21\bin\jimage.dll
0x00007ffcd5eb0000 - 0x00007ffcd60f2000 	C:\WINDOWS\SYSTEM32\DBGHELP.DLL
0x00007ffcd9dc0000 - 0x00007ffcda146000 	C:\WINDOWS\System32\combase.dll
0x00007ffcdae60000 - 0x00007ffcdaf36000 	C:\WINDOWS\System32\OLEAUT32.dll
0x00007ffcb0cd0000 - 0x00007ffcb0d0c000 	C:\WINDOWS\SYSTEM32\dbgcore.DLL
0x00007ffcd8810000 - 0x00007ffcd88b5000 	C:\WINDOWS\System32\bcryptPrimitives.dll
0x00007ffcb4110000 - 0x00007ffcb412f000 	C:\Program Files\Java\jdk-21\bin\java.dll

dbghelp: loaded successfully - version: 4.0.5 - missing functions: none
symbol engine: initialized successfully - sym options: 0x614 - pdb path: .;C:\Program Files\Java\jdk-21\bin;C:\WINDOWS\SYSTEM32;C:\WINDOWS\WinSxS\amd64_microsoft.windows.common-controls_6595b64144ccf1df_6.0.26100.7309_none_3e05feeae336a044;C:\Program Files\Java\jdk-21\bin\server

VM Arguments:
jvm_args: -Dclassworlds.conf=C:\Users\anton\Downloads\apache-maven-3.9.11-bin\apache-maven-3.9.11\bin\m2.conf -Dmaven.home=C:\Users\anton\Downloads\apache-maven-3.9.11-bin\apache-maven-3.9.11 -Dlibrary.jansi.path=C:\Users\anton\Downloads\apache-maven-3.9.11-bin\apache-maven-3.9.11\lib\jansi-native -Dmaven.multiModuleProjectDirectory=C:\Users\anton\OneDrive\Documenti\GitHub\A13\T5-G2\t5 
java_command: org.codehaus.plexus.classworlds.launcher.Launcher clean package -DskipTests=true -Dspring.profiles.active=prod
java_class_path (initial): C:\Users\anton\Downloads\apache-maven-3.9.11-bin\apache-maven-3.9.11\boot\plexus-classworlds-2.9.0.jar
Launcher Type: SUN_STANDARD

[Global flags]
     intx CICompilerCount                          = 4                                         {product} {ergonomic}
     uint ConcGCThreads                            = 3                                         {product} {ergonomic}
     uint G1ConcRefinementThreads                  = 10                                        {product} {ergonomic}
   size_t G1HeapRegionSize                         = 2097152                                   {product} {ergonomic}
    uintx GCDrainStackTargetSize                   = 64                                        {product} {ergonomic}
   size_t InitialHeapSize                          = 264241152                                 {product} {ergonomic}
   size_t MarkStackSize                            = 4194304                                   {product} {ergonomic}
   size_t MaxHeapSize                              = 4208984064                                {product} {ergonomic}
   size_t MinHeapDeltaBytes                        = 2097152                                   {product} {ergonomic}
   size_t MinHeapSize                              = 8388608                                   {product} {ergonomic}
    uintx NonNMethodCodeHeapSize                   = 5839372                                {pd product} {ergonomic}
    uintx NonProfiledCodeHeapSize                  = 122909434                              {pd product} {ergonomic}
    uintx ProfiledCodeHeapSize                     = 122909434                              {pd product} {ergonomic}
    uintx ReservedCodeCacheSize                    = 251658240                              {pd product} {ergonomic}
     bool SegmentedCodeCache                       = true                                      {product} {ergonomic}
   size_t SoftMaxHeapSize                          = 4208984064                             {manageable} {ergonomic}
     bool UseCompressedOops                        = true                           {product lp64_product} {ergonomic}
     bool UseG1GC                                  = true                                      {product} {ergonomic}
     bool UseLargePagesIndividualAllocation        = false                                  {pd product} {ergonomic}

Logging:
Log output configuration:
 #0: stdout all=warning uptime,level,tags foldmultilines=false
 #1: stderr all=off uptime,level,tags foldmultilines=false

Environment Variables:
JAVA_HOME=C:\Program Files\Java\jdk-21\
PATH=C:\Program Files\Java\jdk-21\\bin;C:\Program Files\Common Files\Oracle\Java\javapath;C:\Program Files (x86)\Common Files\Oracle\Java\java8path;C:\Program Files (x86)\Common Files\Oracle\Java\javapath;C:\WINDOWS\system32;C:\WINDOWS;C:\WINDOWS\System32\Wbem;C:\WINDOWS\System32\WindowsPowerShell\v1.0\;C:\WINDOWS\System32\OpenSSH\;C:\Program Files (x86)\Ghdl\Bin;C:\Program Files\CMake\bin;C:\Program Files\Docker\Docker\resources\bin;C:\Users\anton\AppData\Local\Microsoft\WindowsApps;C:\Users\anton\AppData\Local\Programs\Microsoft VS Code\bin;C:\msys64\ucrt64\bin;C:\Program Files\JetBrains\IntelliJ IDEA 2025.2.3\bin;C:\Users\anton\Downloads\apache-maven-3.9.11-bin\apache-maven-3.9.11\bin;C:\Users\anton\AppData\Local\GitHubDesktop\bin
USERNAME=anton
OS=Windows_NT
PROCESSOR_IDENTIFIER=Intel64 Family 6 Model 154 Stepping 4, GenuineIntel
TMP=C:\Users\anton\AppData\Local\Temp
TEMP=C:\Users\anton\AppData\Local\Temp




Periodic native trim disabled

---------------  S Y S T E M  ---------------

OS:
 Windows 11 , 64 bit Build 26100 (10.0.26100.7623)
OS uptime: 4 days 5:01 hours
Hyper-V role detected

CPU: total 12 (initial active 12) (6 cores per cpu, 2 threads per core) family 6 model 154 stepping 4 microcode 0x432, cx8, cmov, fxsr, ht, mmx, 3dnowpref, sse, sse2, sse3, ssse3, sse4.1, sse4.2, popcnt, lzcnt, tsc, tscinvbit, avx, avx2, aes, erms, clmul, bmi1, bmi2, adx, sha, fma, vzeroupper, clflush, clflushopt, clwb, hv, serialize, rdtscp, rdpid, fsrm, f16c, cet_ibt, cet_ss
Processor Information for processor 0
  Max Mhz: 1700, Current Mhz: 1700, Mhz Limit: 1700
Processor Information for processor 1
  Max Mhz: 1700, Current Mhz: 1700, Mhz Limit: 1700
Processor Information for processor 2
  Max Mhz: 1700, Current Mhz: 1700, Mhz Limit: 1700
Processor Information for processor 3
  Max Mhz: 1700, Current Mhz: 1457, Mhz Limit: 1700
Processor Information for processor 4
  Max Mhz: 1700, Current Mhz: 1200, Mhz Limit: 1190
Processor Information for processor 5
  Max Mhz: 1700, Current Mhz: 1200, Mhz Limit: 1190
Processor Information for processor 6
  Max Mhz: 1700, Current Mhz: 1200, Mhz Limit: 1190
Processor Information for processor 7
  Max Mhz: 1700, Current Mhz: 1200, Mhz Limit: 1190
Processor Information for processor 8
  Max Mhz: 1700, Current Mhz: 1200, Mhz Limit: 1190
Processor Information for processor 9
  Max Mhz: 1700, Current Mhz: 1200, Mhz Limit: 1190
Processor Information for processor 10
  Max Mhz: 1700, Current Mhz: 1200, Mhz Limit: 1190
Processor Information for processor 11
  Max Mhz: 1700, Current Mhz: 1200, Mhz Limit: 1190

Memory: 4k page, system-wide physical 16055M (1209M free)
TotalPageFile size 34803M (AvailPageFile size 177M)
current process WorkingSet (physical memory assigned to process): 12M, peak: 12M
current process commit charge ("private bytes"): 64M, peak: 316M

vm_info: Java HotSpot(TM) 64-Bit Server VM (21.0.9+7-LTS-338) for windows-amd64 JRE (21.0.9+7-LTS-338), built on 2025-09-26T06:33:49Z by "mach5run" with MS VC++ 17.6 (VS2022)

END.
